// Jest Snapshot v1, https://goo.gl/fbAQLP

exports[`should render LoginPage correctly 1`] = `
<div
  className="container mt-4"
>
  <div
    className="row"
  >
    <div
      className="container col-lg-5"
    >
      <h3
        className="mb-3 text-center"
      >
        Sign In
      </h3>
      <form
        onSubmit={[Function]}
      >
        <div
          className="form-group"
        >
          <label
            htmlFor="email"
          >
            Email
          </label>
          <input
            autoFocus={true}
            className="form-control"
            name="email"
            onChange={[Function]}
            type="text"
          />
        </div>
        <div
          className="form-group"
        >
          <label
            htmlFor="password"
          >
            Password
          </label>
          <input
            className="form-control"
            name="password"
            onChange={[Function]}
            type="password"
          />
        </div>
        <div
          className="form-group"
        >
          <button
            className="btn btn-primary btn-block"
            disabled={true}
          >
            Login
          </button>
        </div>
      </form>
    </div>
  </div>
</div>
`;
