// Jest Snapshot v1, https://goo.gl/fbAQLP

exports[`should render posts list with posts 1`] = `
<div
  className="container"
>
  <div
    className="row"
  >
    <div
      className="col"
    >
      <div
        className="card-columns"
      >
        <div
          className="card"
          key="5b62cb86efcae617d8a0bef9"
        >
          <img
            className="img-fluid"
            src="http://mysite.com/thumb.jpg"
          />
          <div
            className="card-body"
          >
            <h4
              className="card-title"
            >
              The first post
            </h4>
            <h6
              className="card-subtitle text-muted mb-3"
            >
              Posted by 
              UserOne
               on
               
              Aug 2nd 2018
            </h6>
            <p
              className="card-text"
            >
              This is the first post. The body has at least 24 characters....
            </p>
            <span
              className="badge badge-info"
            >
              General
            </span>
          </div>
          <div
            className="card-footer bg-white"
          >
            <Link
              className="btn btn-outline-primary"
              key="5b62cb86efcae617d8a0bef9"
              replace={false}
              to="posts/5b62cb86efcae617d8a0bef9"
            >
              Read More
            </Link>
          </div>
        </div>
        <div
          className="card"
          key="5b62cb86efcae617d8a0bef8"
        >
          <div
            className="card-body"
          >
            <h4
              className="card-title"
            >
              The second post
            </h4>
            <h6
              className="card-subtitle text-muted mb-3"
            >
              Posted by 
              UserTwo
               on
               
              Aug 2nd 2018
            </h6>
            <p
              className="card-text"
            >
              This is the second post.The body has at least 24 characters....
            </p>
            <span
              className="badge badge-info"
            >
              General
            </span>
          </div>
          <div
            className="card-footer bg-white"
          >
            <Link
              className="btn btn-outline-primary"
              key="5b62cb86efcae617d8a0bef8"
              replace={false}
              to="posts/5b62cb86efcae617d8a0bef8"
            >
              Read More
            </Link>
          </div>
        </div>
      </div>
    </div>
  </div>
</div>
`;
