// Jest Snapshot v1, https://goo.gl/fbAQLP

exports[`should render SignupPage correctly 1`] = `
<div
  className="container mt-4"
>
  <div
    className="row"
  >
    <div
      className="container col-lg-5"
    >
      <h3
        className="mb-3 text-center"
      >
        Sign Up
      </h3>
      <form
        onSubmit={[Function]}
      >
        <div
          className="form-group"
        >
          <label
            htmlFor="displayname"
          >
            Display Name:
          </label>
          <input
            autoFocus={true}
            className="form-control"
            name="displayname"
            onChange={[Function]}
            placeholder="Enter a 6-12 character display name"
            type="text"
          />
        </div>
        <div
          className="form-group"
        >
          <label
            htmlFor="email"
          >
            Email:
          </label>
          <input
            className="form-control"
            name="email"
            onChange={[Function]}
            placeholder="Enter a valid email"
            type="text"
          />
        </div>
        <div
          className="form-group"
        >
          <label
            htmlFor="password"
          >
            Password:
          </label>
          <input
            className="form-control"
            name="password"
            onChange={[Function]}
            placeholder="Enter a 6-12 character password"
            type="password"
          />
        </div>
        <div
          className="form-group"
        >
          <label
            htmlFor="passwordConfirm"
          >
            Confirm Password:
          </label>
          <input
            className="form-control"
            name="passwordConfirm"
            onChange={[Function]}
            placeholder="Re-enter your password"
            type="password"
          />
        </div>
        <div
          className="form-group"
        >
          <button
            className="btn btn-primary btn-block"
          >
            Signup
          </button>
        </div>
      </form>
    </div>
  </div>
</div>
`;
